[web.archive.org/web/20180820194539/http_/codestarframework.com/documentation/index.html]
[archive.org/includes/analytics2a5b.js]
[web.archive.org/_static/js/ait-client-rewrite.js]
[web.archive.org/_static/js/wbhack.js]
[web.archive.org/_static/css/banner-styles.css]
[backblue.gif]
[fade.gif]
[index.html]
[web.archive.org/_static/css/iconochive.css]
[web.archive.org/web/20181109020202cs_/http_/codestarframework.com/assets/css/api.css]
[web.archive.org/_static/js/timestamp.js]
[web.archive.org/_static/js/graph-calc.js]
[web.archive.org/_static/js/auto-complete.js]
[web.archive.org/_static/js/toolbar.js]
[web.archive.org/_static/images/toolbar/wayback-toolbar-logo.png]
[web.archive.org/_static/images/toolbar/wm_tb_prv_on.png]
[web.archive.org/_static/images/toolbar/wm_tb_nxt_on.png]
[web.archive.org/_static/images/loading.gif]
[web.archive.org/web/20181109055916im_/http_/codestarframework.com/assets/images/navbar.png]
[web.archive.org/web/20181016054309im_/http_/codestarframework.com/assets/images/logo.png]
[web.archive.org/web/20180420163351im_/http_/s3.codestarthemes.com/route/userbox/route-preview-promo.png]
[web.archive.org/web/20180820194711js_/https_/ajax.googleapis.com/ajax/libs/jquery/1.11.0/jquery.min.js]
[web.archive.org/web/20180820194539/http_/codestarframework.com/documentation/index.html]
[analytics.archive.org/0.gif]
[archive.org/includes/analytics2a5b.js]
[web.archive.org/web/20181109001816js_/http_/codestarframework.com/assets/js/all.js]
[web.archive.org/_static/css/banner-styles.css]
[web.archive.org/_static/css/iconochive.css]
[web.archive.org/web/20181109020202cs_/http_/codestarframework.com/assets/css/api.css]
[web.archive.org/_static/css/record.css]
[web.archive.org/_static/css/record.css]
